
> creditos-sur_frontend@0.1.0 build
> next build --webpack

Ôû▓ Next.js 16.1.6 (webpack)
- Environments: .env.local

ÔÜá The "middleware" file convention is deprecated. Please use "proxy" instead. Learn more: https://nextjs.org/docs/messages/middleware-to-proxy
  Creating an optimized production build ...
 Ô£ô (pwa) Compiling for server...
 Ô£ô (pwa) Compiling for server...
 Ô£ô (pwa) Compiling for client (static)...
 Ôùï (pwa) Service worker: C:\Users\ACER\Desktop\Creditos del Sur\credito-sur_frontend\public\sw.js
 Ôùï (pwa)   URL: /sw.js
 Ôùï (pwa)   Scope: /
 Ôùï (pwa) Custom runtimeCaching array found, using it instead of the default one.
ÔÜá Compiled with warnings in 11.2s

./app/admin/contable/movimientos/[id]/page.tsx
Attempted import error: 'getTransaccionById' is not exported from '@/services/contabilidad-service' (imported as 'getTransaccionById').

Import trace for requested module:
./app/admin/contable/movimientos/[id]/page.tsx

./app/admin/contable/movimientos/[id]/page.tsx
Attempted import error: 'getTransaccionById' is not exported from '@/services/contabilidad-service' (imported as 'getTransaccionById').

Import trace for requested module:
./app/admin/contable/movimientos/[id]/page.tsx

  Running TypeScript ...
Failed to compile.

./app/admin/contable/movimientos/[id]/page.tsx:21:10
Type error: '"@/services/contabilidad-service"' has no exported member named 'getTransaccionById'. Did you mean 'getTransacciones'?

  19 | import { cn } from '@/lib/utils'
  20 | import MoneyAmount from '@/components/contable/MoneyAmount'
> 21 | import { getTransaccionById } from '@/services/contabilidad-service'
     |          ^
  22 |
  23 | interface MovimientoDetalle {
  24 |   id: string; fecha: string; concepto: string; tipo: string;
Next.js build worker exited with code: 1 and signal: null
